// Jest Snapshot v1, https://goo.gl/fbAQLP

exports[`MenuBuilder Snapshot matchs 1`] = `
<div
  className="container menu-builder"
  data-testid="menuBuilder"
>
  <div
    className="row"
  >
    <div
      className="col-4"
    >
      <div
        data-testid="sideBar"
      >
        <div
          className="filters"
        >
          <input
            className="form-control"
            onChange={[Function]}
            placeholder="Name"
          />
        </div>
        <ul
          className="item-picker"
        >
          <li
            className="sidebar_item item"
            data-testid="sideBarItem"
            onClick={[Function]}
          >
            <h2>
              test
            </h2>
            <p>
              <span
                className="dietary"
                data-testid="sideBarItem_dietary"
              >
                test
              </span>
            </p>
          </li>
        </ul>
      </div>
    </div>
    <div
      className="col-8"
    >
      <div
        data-testid="menuPreview"
      >
        <h2>
          Menu Preview
        </h2>
        <ul
          className="menu-preview"
        />
      </div>
    </div>
  </div>
</div>
`;
