// Jest Snapshot v1, https://goo.gl/fbAQLP

exports[`MenuBuilder Snapshot matchs 1`] = `
<div
  className="container menu-builder"
  data-testid="menuBuilder"
>
  <div
    className="row"
  >
    <div
      className="col-4"
    >
      <div
        data-testid="sideBar"
      >
        <div
          className="filters"
        >
          <input
            className="form-control"
            onChange={[Function]}
            placeholder="Name"
          />
        </div>
        <ul
          className="item-picker"
        >
          <li
            className="item"
          >
            <h2>
              test
            </h2>
            <p>
              <span
                className="dietary"
                data-testid="sideBarItem"
              >
                test
              </span>
            </p>
          </li>
        </ul>
      </div>
    </div>
    <div
      className="col-8"
    >
      <div
        data-testid="menuPreview"
      >
        <h2>
          Menu preview
        </h2>
        <ul
          className="menu-preview"
        >
          <li
            className="item"
          >
            <h2>
              Dummy item
            </h2>
            <p>
              <span
                className="dietary"
              >
                ve
              </span>
              <span
                className="dietary"
              >
                v
              </span>
              <span
                className="dietary"
              >
                n!
              </span>
            </p>
            <button
              className="remove-item"
            >
              x
            </button>
          </li>
          <li
            className="item"
          >
            <h2>
              Dummy item
            </h2>
            <p>
              <span
                className="dietary"
              >
                ve
              </span>
              <span
                className="dietary"
              >
                v
              </span>
              <span
                className="dietary"
              >
                n!
              </span>
            </p>
            <button
              className="remove-item"
            >
              x
            </button>
          </li>
          <li
            className="item"
          >
            <h2>
              Dummy item
            </h2>
            <p>
              <span
                className="dietary"
              >
                ve
              </span>
              <span
                className="dietary"
              >
                v
              </span>
              <span
                className="dietary"
              >
                n!
              </span>
            </p>
            <button
              className="remove-item"
            >
              x
            </button>
          </li>
          <li
            className="item"
          >
            <h2>
              Dummy item
            </h2>
            <p>
              <span
                className="dietary"
              >
                ve
              </span>
              <span
                className="dietary"
              >
                v
              </span>
              <span
                className="dietary"
              >
                n!
              </span>
            </p>
            <button
              className="remove-item"
            >
              x
            </button>
          </li>
        </ul>
      </div>
    </div>
  </div>
</div>
`;
